141
68
92
220
104
288
230
184
215
151
181
111
127
159
108
261
129
4
570
3
64
335
121
251
311
134
18
345
104
29
