4
39
25
35
1
10
8
22
45
26
7
8
76
13
1
23
0
32
1
7
